Archive member included to satisfy reference by file (symbol)

c:/program files (x86)/atollic/truestudio for stm32 9.0.1/armtools/bin/../lib/gcc/arm-atollic-eabi/6.3.1/../../../../arm-atollic-eabi/lib/armv7e-m/fpu\libc_nano.a(lib_a-init.o)
                              startup\startup_stm32f302x8.o (__libc_init_array)
c:/program files (x86)/atollic/truestudio for stm32 9.0.1/armtools/bin/../lib/gcc/arm-atollic-eabi/6.3.1/../../../../arm-atollic-eabi/lib/armv7e-m/fpu\libm.a(lib_a-w_pow.o)
                              Src\main.o (pow)
c:/program files (x86)/atollic/truestudio for stm32 9.0.1/armtools/bin/../lib/gcc/arm-atollic-eabi/6.3.1/../../../../arm-atollic-eabi/lib/armv7e-m/fpu\libm.a(lib_a-e_pow.o)
                              c:/program files (x86)/atollic/truestudio for stm32 9.0.1/armtools/bin/../lib/gcc/arm-atollic-eabi/6.3.1/../../../../arm-atollic-eabi/lib/armv7e-m/fpu\libm.a(lib_a-w_pow.o) (__ieee754_pow)
c:/program files (x86)/atollic/truestudio for stm32 9.0.1/armtools/bin/../lib/gcc/arm-atollic-eabi/6.3.1/../../../../arm-atollic-eabi/lib/armv7e-m/fpu\libm.a(lib_a-e_sqrt.o)
                              c:/program files (x86)/atollic/truestudio for stm32 9.0.1/armtools/bin/../lib/gcc/arm-atollic-eabi/6.3.1/../../../../arm-atollic-eabi/lib/armv7e-m/fpu\libm.a(lib_a-e_pow.o) (__ieee754_sqrt)
c:/program files (x86)/atollic/truestudio for stm32 9.0.1/armtools/bin/../lib/gcc/arm-atollic-eabi/6.3.1/../../../../arm-atollic-eabi/lib/armv7e-m/fpu\libm.a(lib_a-s_fabs.o)
                              c:/program files (x86)/atollic/truestudio for stm32 9.0.1/armtools/bin/../lib/gcc/arm-atollic-eabi/6.3.1/../../../../arm-atollic-eabi/lib/armv7e-m/fpu\libm.a(lib_a-e_pow.o) (fabs)
c:/program files (x86)/atollic/truestudio for stm32 9.0.1/armtools/bin/../lib/gcc/arm-atollic-eabi/6.3.1/../../../../arm-atollic-eabi/lib/armv7e-m/fpu\libm.a(lib_a-s_finite.o)
                              c:/program files (x86)/atollic/truestudio for stm32 9.0.1/armtools/bin/../lib/gcc/arm-atollic-eabi/6.3.1/../../../../arm-atollic-eabi/lib/armv7e-m/fpu\libm.a(lib_a-w_pow.o) (finite)
c:/program files (x86)/atollic/truestudio for stm32 9.0.1/armtools/bin/../lib/gcc/arm-atollic-eabi/6.3.1/../../../../arm-atollic-eabi/lib/armv7e-m/fpu\libm.a(lib_a-s_lib_ver.o)
                              c:/program files (x86)/atollic/truestudio for stm32 9.0.1/armtools/bin/../lib/gcc/arm-atollic-eabi/6.3.1/../../../../arm-atollic-eabi/lib/armv7e-m/fpu\libm.a(lib_a-w_pow.o) (__fdlib_version)
c:/program files (x86)/atollic/truestudio for stm32 9.0.1/armtools/bin/../lib/gcc/arm-atollic-eabi/6.3.1/../../../../arm-atollic-eabi/lib/armv7e-m/fpu\libm.a(lib_a-s_matherr.o)
                              c:/program files (x86)/atollic/truestudio for stm32 9.0.1/armtools/bin/../lib/gcc/arm-atollic-eabi/6.3.1/../../../../arm-atollic-eabi/lib/armv7e-m/fpu\libm.a(lib_a-w_pow.o) (matherr)
c:/program files (x86)/atollic/truestudio for stm32 9.0.1/armtools/bin/../lib/gcc/arm-atollic-eabi/6.3.1/../../../../arm-atollic-eabi/lib/armv7e-m/fpu\libm.a(lib_a-s_nan.o)
                              c:/program files (x86)/atollic/truestudio for stm32 9.0.1/armtools/bin/../lib/gcc/arm-atollic-eabi/6.3.1/../../../../arm-atollic-eabi/lib/armv7e-m/fpu\libm.a(lib_a-e_pow.o) (nan)
c:/program files (x86)/atollic/truestudio for stm32 9.0.1/armtools/bin/../lib/gcc/arm-atollic-eabi/6.3.1/../../../../arm-atollic-eabi/lib/armv7e-m/fpu\libm.a(lib_a-s_rint.o)
                              c:/program files (x86)/atollic/truestudio for stm32 9.0.1/armtools/bin/../lib/gcc/arm-atollic-eabi/6.3.1/../../../../arm-atollic-eabi/lib/armv7e-m/fpu\libm.a(lib_a-w_pow.o) (rint)
c:/program files (x86)/atollic/truestudio for stm32 9.0.1/armtools/bin/../lib/gcc/arm-atollic-eabi/6.3.1/../../../../arm-atollic-eabi/lib/armv7e-m/fpu\libm.a(lib_a-s_scalbn.o)
                              c:/program files (x86)/atollic/truestudio for stm32 9.0.1/armtools/bin/../lib/gcc/arm-atollic-eabi/6.3.1/../../../../arm-atollic-eabi/lib/armv7e-m/fpu\libm.a(lib_a-e_pow.o) (scalbn)
c:/program files (x86)/atollic/truestudio for stm32 9.0.1/armtools/bin/../lib/gcc/arm-atollic-eabi/6.3.1/../../../../arm-atollic-eabi/lib/armv7e-m/fpu\libm.a(lib_a-s_copysign.o)
                              c:/program files (x86)/atollic/truestudio for stm32 9.0.1/armtools/bin/../lib/gcc/arm-atollic-eabi/6.3.1/../../../../arm-atollic-eabi/lib/armv7e-m/fpu\libm.a(lib_a-s_scalbn.o) (copysign)
c:/program files (x86)/atollic/truestudio for stm32 9.0.1/armtools/bin/../lib/gcc/arm-atollic-eabi/6.3.1/../../../../arm-atollic-eabi/lib/armv7e-m/fpu\libc_nano.a(lib_a-errno.o)
                              c:/program files (x86)/atollic/truestudio for stm32 9.0.1/armtools/bin/../lib/gcc/arm-atollic-eabi/6.3.1/../../../../arm-atollic-eabi/lib/armv7e-m/fpu\libm.a(lib_a-w_pow.o) (__errno)
[...]
Memory Configuration

Name             Origin             Length             Attributes
RAM              0x20000000         0x00004000         xrw
FLASH            0x08000000         0x00010000         xr
*default*        0x00000000         0xffffffff

Linker script and memory map

LOAD c:/program files (x86)/atollic/truestudio for stm32 9.0.1/armtools/bin/../lib/gcc/arm-atollic-eabi/6.3.1/armv7e-m/fpu/crti.o
LOAD c:/program files (x86)/atollic/truestudio for stm32 9.0.1/armtools/bin/../lib/gcc/arm-atollic-eabi/6.3.1/armv7e-m/fpu/crtbegin.o
LOAD Drivers\STM32F3xx_HAL_Driver\Src\stm32f3xx_hal.o
LOAD Drivers\STM32F3xx_HAL_Driver\Src\stm32f3xx_hal_adc.o
LOAD Drivers\STM32F3xx_HAL_Driver\Src\stm32f3xx_hal_adc_ex.o
LOAD Drivers\STM32F3xx_HAL_Driver\Src\stm32f3xx_hal_cortex.o
LOAD Drivers\STM32F3xx_HAL_Driver\Src\stm32f3xx_hal_dma.o
LOAD Drivers\STM32F3xx_HAL_Driver\Src\stm32f3xx_hal_flash.o
LOAD Drivers\STM32F3xx_HAL_Driver\Src\stm32f3xx_hal_flash_ex.o
LOAD Drivers\STM32F3xx_HAL_Driver\Src\stm32f3xx_hal_gpio.o
LOAD Drivers\STM32F3xx_HAL_Driver\Src\stm32f3xx_hal_i2c.o
LOAD Drivers\STM32F3xx_HAL_Driver\Src\stm32f3xx_hal_i2c_ex.o
LOAD Drivers\STM32F3xx_HAL_Driver\Src\stm32f3xx_hal_pcd.o
LOAD Drivers\STM32F3xx_HAL_Driver\Src\stm32f3xx_hal_pcd_ex.o
LOAD Drivers\STM32F3xx_HAL_Driver\Src\stm32f3xx_hal_pwr.o
LOAD Drivers\STM32F3xx_HAL_Driver\Src\stm32f3xx_hal_pwr_ex.o
LOAD Drivers\STM32F3xx_HAL_Driver\Src\stm32f3xx_hal_rcc.o
LOAD Drivers\STM32F3xx_HAL_Driver\Src\stm32f3xx_hal_rcc_ex.o
LOAD Drivers\STM32F3xx_HAL_Driver\Src\stm32f3xx_hal_tim.o
LOAD Drivers\STM32F3xx_HAL_Driver\Src\stm32f3xx_hal_tim_ex.o
LOAD Middlewares\ST\STM32_USB_Device_Library\Class\CDC\Src\usbd_cdc.o
LOAD Middlewares\ST\STM32_USB_Device_Library\Core\Src\usbd_core.o
LOAD Middlewares\ST\STM32_USB_Device_Library\Core\Src\usbd_ctlreq.o
LOAD Middlewares\ST\STM32_USB_Device_Library\Core\Src\usbd_ioreq.o
LOAD Src\main.o
LOAD Src\stm32f3xx_hal_msp.o
LOAD Src\stm32f3xx_it.o
LOAD Src\system_stm32f3xx.o
LOAD Src\usb_device.o
LOAD Src\usbd_cdc_if.o
LOAD Src\usbd_conf.o
LOAD Src\usbd_desc.o
LOAD startup\startup_stm32f302x8.o
                0x00000080                malloc_getpagesize_P = 0x80
START GROUP
LOAD c:/program files (x86)/atollic/truestudio for stm32 9.0.1/armtools/bin/../lib/gcc/arm-atollic-eabi/6.3.1/../../../../arm-atollic-eabi/lib/armv7e-m/fpu\libc_nano.a
LOAD c:/program files (x86)/atollic/truestudio for stm32 9.0.1/armtools/bin/../lib/gcc/arm-atollic-eabi/6.3.1/../../../../arm-atollic-eabi/lib/armv7e-m/fpu\libm.a
END GROUP
START GROUP
LOAD c:/program files (x86)/atollic/truestudio for stm32 9.0.1/armtools/bin/../lib/gcc/arm-atollic-eabi/6.3.1/armv7e-m/fpu\libgcc.a
LOAD c:/program files (x86)/atollic/truestudio for stm32 9.0.1/armtools/bin/../lib/gcc/arm-atollic-eabi/6.3.1/../../../../arm-atollic-eabi/lib/armv7e-m/fpu\libc_nano.a
END GROUP
START GROUP
LOAD c:/program files (x86)/atollic/truestudio for stm32 9.0.1/armtools/bin/../lib/gcc/arm-atollic-eabi/6.3.1/armv7e-m/fpu\libgcc.a
LOAD c:/program files (x86)/atollic/truestudio for stm32 9.0.1/armtools/bin/../lib/gcc/arm-atollic-eabi/6.3.1/../../../../arm-atollic-eabi/lib/armv7e-m/fpu\libc_nano.a
LOAD c:/program files (x86)/atollic/truestudio for stm32 9.0.1/armtools/bin/../lib/gcc/arm-atollic-eabi/6.3.1/../../../../arm-atollic-eabi/lib/armv7e-m/fpu\libnosys.a
END GROUP
START GROUP
LOAD c:/program files (x86)/atollic/truestudio for stm32 9.0.1/armtools/bin/../lib/gcc/arm-atollic-eabi/6.3.1/armv7e-m/fpu\libgcc.a
LOAD c:/program files (x86)/atollic/truestudio for stm32 9.0.1/armtools/bin/../lib/gcc/arm-atollic-eabi/6.3.1/../../../../arm-atollic-eabi/lib/armv7e-m/fpu\libc_nano.a
LOAD c:/program files (x86)/atollic/truestudio for stm32 9.0.1/armtools/bin/../lib/gcc/arm-atollic-eabi/6.3.1/../../../../arm-atollic-eabi/lib/armv7e-m/fpu\libnosys.a
END GROUP
LOAD c:/program files (x86)/atollic/truestudio for stm32 9.0.1/armtools/bin/../lib/gcc/arm-atollic-eabi/6.3.1/armv7e-m/fpu/crtend.o
LOAD c:/program files (x86)/atollic/truestudio for stm32 9.0.1/armtools/bin/../lib/gcc/arm-atollic-eabi/6.3.1/armv7e-m/fpu/crtn.o
                0x20004000                _estack = 0x20004000
                0x00000200                _Min_Heap_Size = 0x200
                0x00000400                _Min_Stack_Size = 0x400

.isr_vector     0x08000000      0x188
                0x08000000                . = ALIGN (0x4)
 *(.isr_vector)
 .isr_vector    0x08000000      0x188 startup\startup_stm32f302x8.o
                0x08000000                g_pfnVectors
                0x08000188                . = ALIGN (0x4)

.text           0x08000188     0x6858
                0x08000188                . = ALIGN (0x4)
 *(.text)
 .text          0x08000188       0x40 c:/program files (x86)/atollic/truestudio for stm32 9.0.1/armtools/bin/../lib/gcc/arm-atollic-eabi/6.3.1/armv7e-m/fpu/crtbegin.o
 *(.text*)
 .text.HAL_Init
                0x080001c8       0x2c Drivers\STM32F3xx_HAL_Driver\Src\stm32f3xx_hal.o
                0x080001c8                HAL_Init
 .text.HAL_InitTick
                0x080001f4       0x60 Drivers\STM32F3xx_HAL_Driver\Src\stm32f3xx_hal.o
                0x080001f4                HAL_InitTick
 .text.HAL_IncTick
                0x08000254       0x28 Drivers\STM32F3xx_HAL_Driver\Src\stm32f3xx_hal.o
                0x08000254                HAL_IncTick
 .text.HAL_GetTick
                0x0800027c       0x18 Drivers\STM32F3xx_HAL_Driver\Src\stm32f3xx_hal.o
                0x0800027c                HAL_GetTick
 .text.HAL_Delay
                0x08000294       0x44 Drivers\STM32F3xx_HAL_Driver\Src\stm32f3xx_hal.o
                0x08000294                HAL_Delay
 .text.HAL_ADC_Init
                0x080002d8      0x308 Drivers\STM32F3xx_HAL_Driver\Src\stm32f3xx_hal_adc_ex.o
                0x080002d8                HAL_ADC_Init
 .text.HAL_ADC_Start
                0x080005e0       0xda Drivers\STM32F3xx_HAL_Driver\Src\stm32f3xx_hal_adc_ex.o
                0x080005e0                HAL_ADC_Start
 *fill*         0x080006ba        0x2 
 .text.HAL_ADC_PollForConversion
                0x080006bc      0x16c Drivers\STM32F3xx_HAL_Driver\Src\stm32f3xx_hal_adc_ex.o
                0x080006bc                HAL_ADC_PollForConversion
 .text.HAL_ADC_GetValue
                0x08000828       0x1a Drivers\STM32F3xx_HAL_Driver\Src\stm32f3xx_hal_adc_ex.o
                0x08000828                HAL_ADC_GetValue
 *fill*         0x08000842        0x2 
 .text.HAL_ADC_ConfigChannel
                0x08000844      0x564 Drivers\STM32F3xx_HAL_Driver\Src\stm32f3xx_hal_adc_ex.o
                0x08000844                HAL_ADC_ConfigChannel
 .text.ADC_Enable
                0x08000da8       0xbc Drivers\STM32F3xx_HAL_Driver\Src\stm32f3xx_hal_adc_ex.o
 .text.ADC_Disable
                0x08000e64       0xbe Drivers\STM32F3xx_HAL_Driver\Src\stm32f3xx_hal_adc_ex.o
 *fill*         0x08000f22        0x2 
 .text.NVIC_SetPriorityGrouping
                0x08000f24       0x48 Drivers\STM32F3xx_HAL_Driver\Src\stm32f3xx_hal_cortex.o
 .text.NVIC_GetPriorityGrouping
                0x08000f6c       0x1c Drivers\STM32F3xx_HAL_Driver\Src\stm32f3xx_hal_cortex.o
 .text.NVIC_EnableIRQ
                0x08000f88       0x34 Drivers\STM32F3xx_HAL_Driver\Src\stm32f3xx_hal_cortex.o
 .text.NVIC_SetPriority
                0x08000fbc       0x54 Drivers\STM32F3xx_HAL_Driver\Src\stm32f3xx_hal_cortex.o
 .text.NVIC_EncodePriority
                0x08001010       0x62 Drivers\STM32F3xx_HAL_Driver\Src\stm32f3xx_hal_cortex.o
 *fill*         0x08001072        0x2 
 .text.SysTick_Config
                0x08001074       0x44 Drivers\STM32F3xx_HAL_Driver\Src\stm32f3xx_hal_cortex.o
 .text.HAL_NVIC_SetPriorityGrouping
                0x080010b8       0x16 Drivers\STM32F3xx_HAL_Driver\Src\stm32f3xx_hal_cortex.o
                0x080010b8                HAL_NVIC_SetPriorityGrouping
 .text.HAL_NVIC_SetPriority
                0x080010ce       0x38 Drivers\STM32F3xx_HAL_Driver\Src\stm32f3xx_hal_cortex.o
                0x080010ce                HAL_NVIC_SetPriority
 .text.HAL_NVIC_EnableIRQ
                0x08001106       0x1c Drivers\STM32F3xx_HAL_Driver\Src\stm32f3xx_hal_cortex.o
                0x08001106                HAL_NVIC_EnableIRQ
 .text.HAL_SYSTICK_Config
                0x08001122       0x18 Drivers\STM32F3xx_HAL_Driver\Src\stm32f3xx_hal_cortex.o
                0x08001122                HAL_SYSTICK_Config
 *fill*         0x0800113a        0x2 
 .text.HAL_SYSTICK_CLKSourceConfig
                0x0800113c       0x38 Drivers\STM32F3xx_HAL_Driver\Src\stm32f3xx_hal_cortex.o
                0x0800113c                HAL_SYSTICK_CLKSourceConfig
 .text.HAL_SYSTICK_IRQHandler
                0x08001174        0xc Drivers\STM32F3xx_HAL_Driver\Src\stm32f3xx_hal_cortex.o
                0x08001174                HAL_SYSTICK_IRQHandler
 .text.HAL_SYSTICK_Callback
                0x08001180        0xe Drivers\STM32F3xx_HAL_Driver\Src\stm32f3xx_hal_cortex.o
                0x08001180                HAL_SYSTICK_Callback
 *fill*         0x0800118e        0x2 
 .text.HAL_GPIO_Init
                0x08001190      0x2ec Drivers\STM32F3xx_HAL_Driver\Src\stm32f3xx_hal_gpio.o
                0x08001190                HAL_GPIO_Init
 .text.HAL_GPIO_WritePin
                0x0800147c       0x30 Drivers\STM32F3xx_HAL_Driver\Src\stm32f3xx_hal_gpio.o
                0x0800147c                HAL_GPIO_WritePin
 .text.HAL_GPIO_TogglePin
                0x080014ac       0x24 Drivers\STM32F3xx_HAL_Driver\Src\stm32f3xx_hal_gpio.o
                0x080014ac                HAL_GPIO_TogglePin
 .text.HAL_PCD_Init
                0x080014d0      0x1c0 Drivers\STM32F3xx_HAL_Driver\Src\stm32f3xx_hal_pcd.o
                0x080014d0                HAL_PCD_Init
 .text.HAL_PCD_Start
                0x08001690       0x1a Drivers\STM32F3xx_HAL_Driver\Src\stm32f3xx_hal_pcd.o
                0x08001690                HAL_PCD_Start
 *fill*         0x080016aa        0x2 
 .text.PCD_EP_ISR_Handler
                0x080016ac      0x628 Drivers\STM32F3xx_HAL_Driver\Src\stm32f3xx_hal_pcd.o
 .text.HAL_PCD_IRQHandler
                0x08001cd4      0x19e Drivers\STM32F3xx_HAL_Driver\Src\stm32f3xx_hal_pcd.o
                0x08001cd4                HAL_PCD_IRQHandler
 .text.HAL_PCD_SetAddress
                0x08001e72       0x52 Drivers\STM32F3xx_HAL_Driver\Src\stm32f3xx_hal_pcd.o
                0x08001e72                HAL_PCD_SetAddress
 .text.HAL_PCD_EP_Open
                0x08001ec4      0x6ec Drivers\STM32F3xx_HAL_Driver\Src\stm32f3xx_hal_pcd.o
                0x08001ec4                HAL_PCD_EP_Open
 .text.HAL_PCD_EP_Close
                0x080025b0      0x410 Drivers\STM32F3xx_HAL_Driver\Src\stm32f3xx_hal_pcd.o
                0x080025b0                HAL_PCD_EP_Close
 .text.HAL_PCD_EP_Receive
                0x080029c0      0x1f4 Drivers\STM32F3xx_HAL_Driver\Src\stm32f3xx_hal_pcd.o
                0x080029c0                HAL_PCD_EP_Receive
 .text.HAL_PCD_EP_GetRxCount
                0x08002bb4       0x32 Drivers\STM32F3xx_HAL_Driver\Src\stm32f3xx_hal_pcd.o
                0x08002bb4                HAL_PCD_EP_GetRxCount
 *fill*         0x08002be6        0x2 
 .text.HAL_PCD_EP_Transmit
                0x08002be8      0x1c0 Drivers\STM32F3xx_HAL_Driver\Src\stm32f3xx_hal_pcd.o
                0x08002be8                HAL_PCD_EP_Transmit
 .text.HAL_PCD_EP_SetStall
                0x08002da8      0x150 Drivers\STM32F3xx_HAL_Driver\Src\stm32f3xx_hal_pcd.o
                0x08002da8                HAL_PCD_EP_SetStall
 .text.HAL_PCD_EP_ClrStall
                0x08002ef8      0x1b4 Drivers\STM32F3xx_HAL_Driver\Src\stm32f3xx_hal_pcd.o
                0x08002ef8                HAL_PCD_EP_ClrStall
 .text.HAL_PCDEx_PMAConfig
                0x080030ac       0x88 Drivers\STM32F3xx_HAL_Driver\Src\stm32f3xx_hal_pcd_ex.o
                0x080030ac                HAL_PCDEx_PMAConfig
 .text.PCD_WritePMA
                0x08003134       0x74 Drivers\STM32F3xx_HAL_Driver\Src\stm32f3xx_hal_pcd_ex.o
                0x08003134                PCD_WritePMA
 .text.PCD_ReadPMA
                0x080031a8       0x8e Drivers\STM32F3xx_HAL_Driver\Src\stm32f3xx_hal_pcd_ex.o
                0x080031a8                PCD_ReadPMA
 *fill*         0x08003236        0x2 
 .text.HAL_RCC_OscConfig
                0x08003238      0xdd4 Drivers\STM32F3xx_HAL_Driver\Src\stm32f3xx_hal_rcc.o
                0x08003238                HAL_RCC_OscConfig
 .text.HAL_RCC_ClockConfig
                0x0800400c      0x340 Drivers\STM32F3xx_HAL_Driver\Src\stm32f3xx_hal_rcc.o
                0x0800400c                HAL_RCC_ClockConfig
 .text.HAL_RCC_GetSysClockFreq
                0x0800434c       0xd4 Drivers\STM32F3xx_HAL_Driver\Src\stm32f3xx_hal_rcc.o
                0x0800434c                HAL_RCC_GetSysClockFreq
 .text.HAL_RCC_GetHCLKFreq
                0x08004420       0x18 Drivers\STM32F3xx_HAL_Driver\Src\stm32f3xx_hal_rcc.o
                0x08004420                HAL_RCC_GetHCLKFreq
 .text.HAL_RCCEx_PeriphCLKConfig
                0x08004438      0x324 Drivers\STM32F3xx_HAL_Driver\Src\stm32f3xx_hal_rcc_ex.o
                0x08004438                HAL_RCCEx_PeriphCLKConfig
 .text.USBD_CDC_Init
                0x0800475c       0xd2 Middlewares\ST\STM32_USB_Device_Library\Class\CDC\Src\usbd_cdc.o
 .text.USBD_CDC_DeInit
                0x0800482e       0x5a Middlewares\ST\STM32_USB_Device_Library\Class\CDC\Src\usbd_cdc.o
 .text.USBD_CDC_Setup
                0x08004888       0xbc Middlewares\ST\STM32_USB_Device_Library\Class\CDC\Src\usbd_cdc.o
 .text.USBD_CDC_DataIn
                0x08004944       0x38 Middlewares\ST\STM32_USB_Device_Library\Class\CDC\Src\usbd_cdc.o
 .text.USBD_CDC_DataOut
                0x0800497c       0x56 Middlewares\ST\STM32_USB_Device_Library\Class\CDC\Src\usbd_cdc.o
 .text.USBD_CDC_EP0_RxReady
                0x080049d2       0x50 Middlewares\ST\STM32_USB_Device_Library\Class\CDC\Src\usbd_cdc.o
 *fill*         0x08004a22        0x2 
 .text.USBD_CDC_GetFSCfgDesc
                0x08004a24       0x20 Middlewares\ST\STM32_USB_Device_Library\Class\CDC\Src\usbd_cdc.o
 .text.USBD_CDC_GetHSCfgDesc
                0x08004a44       0x20 Middlewares\ST\STM32_USB_Device_Library\Class\CDC\Src\usbd_cdc.o
 .text.USBD_CDC_GetOtherSpeedCfgDesc
                0x08004a64       0x20 Middlewares\ST\STM32_USB_Device_Library\Class\CDC\Src\usbd_cdc.o
 .text.USBD_CDC_GetDeviceQualifierDescriptor
                0x08004a84       0x20 Middlewares\ST\STM32_USB_Device_Library\Class\CDC\Src\usbd_cdc.o
                0x08004a84                USBD_CDC_GetDeviceQualifierDescriptor
 .text.USBD_CDC_RegisterInterface
                0x08004aa4       0x2e Middlewares\ST\STM32_USB_Device_Library\Class\CDC\Src\usbd_cdc.o
                0x08004aa4                USBD_CDC_RegisterInterface
 .text.USBD_CDC_SetTxBuffer
                0x08004ad2       0x34 Middlewares\ST\STM32_USB_Device_Library\Class\CDC\Src\usbd_cdc.o
                0x08004ad2                USBD_CDC_SetTxBuffer
 .text.USBD_CDC_SetRxBuffer
                0x08004b06       0x28 Middlewares\ST\STM32_USB_Device_Library\Class\CDC\Src\usbd_cdc.o
                0x08004b06                USBD_CDC_SetRxBuffer
 .text.USBD_CDC_TransmitPacket
                0x08004b2e       0x54 Middlewares\ST\STM32_USB_Device_Library\Class\CDC\Src\usbd_cdc.o
                0x08004b2e                USBD_CDC_TransmitPacket
 .text.USBD_CDC_ReceivePacket
                0x08004b82       0x54 Middlewares\ST\STM32_USB_Device_Library\Class\CDC\Src\usbd_cdc.o
                0x08004b82                USBD_CDC_ReceivePacket
 .text.USBD_Init
                0x08004bd6       0x56 Middlewares\ST\STM32_USB_Device_Library\Core\Src\usbd_core.o
                0x08004bd6                USBD_Init
 .text.USBD_RegisterClass
                0x08004c2c       0x34 Middlewares\ST\STM32_USB_Device_Library\Core\Src\usbd_core.o
                0x08004c2c                USBD_RegisterClass
 .text.USBD_Start
                0x08004c60       0x18 Middlewares\ST\STM32_USB_Device_Library\Core\Src\usbd_core.o
                0x08004c60                USBD_Start
 .text.USBD_RunTestMode
                0x08004c78       0x16 Middlewares\ST\STM32_USB_Device_Library\Core\Src\usbd_core.o
                0x08004c78                USBD_RunTestMode
 .text.USBD_SetClassConfig
                0x08004c8e       0x3e Middlewares\ST\STM32_USB_Device_Library\Core\Src\usbd_core.o
                0x08004c8e                USBD_SetClassConfig
 .text.USBD_ClrClassConfig
                0x08004ccc       0x26 Middlewares\ST\STM32_USB_Device_Library\Core\Src\usbd_core.o
                0x08004ccc                USBD_ClrClassConfig
 .text.USBD_LL_SetupStage
                0x08004cf2       0x94 Middlewares\ST\STM32_USB_Device_Library\Core\Src\usbd_core.o
                0x08004cf2                USBD_LL_SetupStage
 .text.USBD_LL_DataOutStage
                0x08004d86       0xb6 Middlewares\ST\STM32_USB_Device_Library\Core\Src\usbd_core.o
                0x08004d86                USBD_LL_DataOutStage
 .text.USBD_LL_DataInStage
                0x08004e3c      0x11e Middlewares\ST\STM32_USB_Device_Library\Core\Src\usbd_core.o
                0x08004e3c                USBD_LL_DataInStage
 .text.USBD_LL_Reset
                0x08004f5a       0x5e Middlewares\ST\STM32_USB_Device_Library\Core\Src\usbd_core.o
                0x08004f5a                USBD_LL_Reset
 .text.USBD_LL_SetSpeed
                0x08004fb8       0x20 Middlewares\ST\STM32_USB_Device_Library\Core\Src\usbd_core.o
                0x08004fb8                USBD_LL_SetSpeed
 .text.USBD_LL_Suspend
                0x08004fd8       0x2a Middlewares\ST\STM32_USB_Device_Library\Core\Src\usbd_core.o
                0x08004fd8                USBD_LL_Suspend
 .text.USBD_LL_Resume
                0x08005002       0x22 Middlewares\ST\STM32_USB_Device_Library\Core\Src\usbd_core.o
                0x08005002                USBD_LL_Resume
 .text.USBD_LL_SOF
                0x08005024       0x34 Middlewares\ST\STM32_USB_Device_Library\Core\Src\usbd_core.o
                0x08005024                USBD_LL_SOF
 .text.USBD_StdDevReq
                0x08005058       0xa0 Middlewares\ST\STM32_USB_Device_Library\Core\Src\usbd_ctlreq.o
                0x08005058                USBD_StdDevReq
 .text.USBD_StdItfReq
                0x080050f8       0x66 Middlewares\ST\STM32_USB_Device_Library\Core\Src\usbd_ctlreq.o
                0x080050f8                USBD_StdItfReq
 .text.USBD_StdEPReq
                0x0800515e      0x1b0 Middlewares\ST\STM32_USB_Device_Library\Core\Src\usbd_ctlreq.o
                0x0800515e                USBD_StdEPReq
 *fill*         0x0800530e        0x2 
 .text.USBD_GetDescriptor
                0x08005310      0x1e8 Middlewares\ST\STM32_USB_Device_Library\Core\Src\usbd_ctlreq.o
 .text.USBD_SetAddress
                0x080054f8       0x7c Middlewares\ST\STM32_USB_Device_Library\Core\Src\usbd_ctlreq.o
 .text.USBD_SetConfig
                0x08005574      0x110 Middlewares\ST\STM32_USB_Device_Library\Core\Src\usbd_ctlreq.o
 .text.USBD_GetConfig
                0x08005684       0x64 Middlewares\ST\STM32_USB_Device_Library\Core\Src\usbd_ctlreq.o
 .text.USBD_GetStatus
                0x080056e8       0x54 Middlewares\ST\STM32_USB_Device_Library\Core\Src\usbd_ctlreq.o
 .text.USBD_SetFeature
                0x0800573c       0x36 Middlewares\ST\STM32_USB_Device_Library\Core\Src\usbd_ctlreq.o
 .text.USBD_ClrFeature
                0x08005772       0x50 Middlewares\ST\STM32_USB_Device_Library\Core\Src\usbd_ctlreq.o
 .text.USBD_ParseSetupRequest
                0x080057c2       0x7a Middlewares\ST\STM32_USB_Device_Library\Core\Src\usbd_ctlreq.o
                0x080057c2                USBD_ParseSetupRequest
 .text.USBD_CtlError
                0x0800583c       0x22 Middlewares\ST\STM32_USB_Device_Library\Core\Src\usbd_ctlreq.o
                0x0800583c                USBD_CtlError
 .text.USBD_GetString
                0x0800585e       0x86 Middlewares\ST\STM32_USB_Device_Library\Core\Src\usbd_ctlreq.o
                0x0800585e                USBD_GetString
 .text.USBD_GetLen
                0x080058e4       0x30 Middlewares\ST\STM32_USB_Device_Library\Core\Src\usbd_ctlreq.o
 .text.USBD_CtlSendData
                0x08005914       0x38 Middlewares\ST\STM32_USB_Device_Library\Core\Src\usbd_ioreq.o
                0x08005914                USBD_CtlSendData
 .text.USBD_CtlContinueSendData
                0x0800594c       0x24 Middlewares\ST\STM32_USB_Device_Library\Core\Src\usbd_ioreq.o
                0x0800594c                USBD_CtlContinueSendData
 .text.USBD_CtlPrepareRx
                0x08005970       0x3c Middlewares\ST\STM32_USB_Device_Library\Core\Src\usbd_ioreq.o
                0x08005970                USBD_CtlPrepareRx
 .text.USBD_CtlContinueRx
                0x080059ac       0x24 Middlewares\ST\STM32_USB_Device_Library\Core\Src\usbd_ioreq.o
                0x080059ac                USBD_CtlContinueRx
 .text.USBD_CtlSendStatus
                0x080059d0       0x26 Middlewares\ST\STM32_USB_Device_Library\Core\Src\usbd_ioreq.o
                0x080059d0                USBD_CtlSendStatus
 .text.USBD_CtlReceiveStatus
                0x080059f6       0x26 Middlewares\ST\STM32_USB_Device_Library\Core\Src\usbd_ioreq.o
                0x080059f6                USBD_CtlReceiveStatus
 .text.main     0x08005a1c       0x80 Src\main.o
                0x08005a1c                main
 .text.SystemClock_Config
                0x08005a9c       0xd0 Src\main.o
                0x08005a9c                SystemClock_Config
 .text.MX_ADC1_Init
                0x08005b6c       0xb0 Src\main.o
 .text.MX_GPIO_Init
                0x08005c1c       0xe4 Src\main.o
 .text.reverse  0x08005d00       0x5c Src\main.o
                0x08005d00                reverse
 .text.intToStr
                0x08005d5c       0x90 Src\main.o
                0x08005d5c                intToStr
 .text._Error_Handler
                0x08005dec        0xc Src\main.o
                0x08005dec                _Error_Handler
 .text.HAL_MspInit
                0x08005df8       0x9c Src\stm32f3xx_hal_msp.o
                0x08005df8                HAL_MspInit
 .text.HAL_ADC_MspInit
                0x08005e94       0x50 Src\stm32f3xx_hal_msp.o
                0x08005e94                HAL_ADC_MspInit
 .text.SysTick_Handler
                0x08005ee4       0x10 Src\stm32f3xx_it.o
                0x08005ee4                SysTick_Handler
 .text.USB_LP_CAN_RX0_IRQHandler
                0x08005ef4       0x14 Src\stm32f3xx_it.o
                0x08005ef4                USB_LP_CAN_RX0_IRQHandler
 .text.SystemInit
                0x08005f08       0x94 Src\system_stm32f3xx.o
                0x08005f08                SystemInit
 .text.MX_USB_DEVICE_Init
                0x08005f9c       0x38 Src\usb_device.o
                0x08005f9c                MX_USB_DEVICE_Init
 .text.CDC_Init_FS
                0x08005fd4       0x28 Src\usbd_cdc_if.o
 .text.CDC_DeInit_FS
                0x08005ffc       0x10 Src\usbd_cdc_if.o
 .text.CDC_Control_FS
                0x0800600c       0xbc Src\usbd_cdc_if.o
 .text.CDC_Receive_FS
                0x080060c8       0x28 Src\usbd_cdc_if.o
 .text.CDC_Transmit_FS
                0x080060f0       0x4c Src\usbd_cdc_if.o
                0x080060f0                CDC_Transmit_FS
 .text.HAL_PCD_MspInit
                0x0800613c       0x4c Src\usbd_conf.o
                0x0800613c                HAL_PCD_MspInit
 .text.HAL_PCD_SetupStageCallback
                0x08006188       0x24 Src\usbd_conf.o
                0x08006188                HAL_PCD_SetupStageCallback
 .text.HAL_PCD_DataOutStageCallback
                0x080061ac       0x36 Src\usbd_conf.o
                0x080061ac                HAL_PCD_DataOutStageCallback
 .text.HAL_PCD_DataInStageCallback
                0x080061e2       0x34 Src\usbd_conf.o
                0x080061e2                HAL_PCD_DataInStageCallback
 .text.HAL_PCD_SOFCallback
                0x08006216       0x1c Src\usbd_conf.o
                0x08006216                HAL_PCD_SOFCallback
 .text.HAL_PCD_ResetCallback
                0x08006232       0x44 Src\usbd_conf.o
                0x08006232                HAL_PCD_ResetCallback
 *fill*         0x08006276        0x2 
 .text.HAL_PCD_SuspendCallback
                0x08006278       0x34 Src\usbd_conf.o
                0x08006278                HAL_PCD_SuspendCallback
 .text.HAL_PCD_ResumeCallback
                0x080062ac       0x1c Src\usbd_conf.o
                0x080062ac                HAL_PCD_ResumeCallback
 .text.USBD_LL_Init
                0x080062c8       0xc4 Src\usbd_conf.o
                0x080062c8                USBD_LL_Init
 .text.USBD_LL_Start
                0x0800638c       0x64 Src\usbd_conf.o
                0x0800638c                USBD_LL_Start
 .text.USBD_LL_OpenEP
                0x080063f0       0x7c Src\usbd_conf.o
                0x080063f0                USBD_LL_OpenEP
 .text.USBD_LL_CloseEP
                0x0800646c       0x6c Src\usbd_conf.o
                0x0800646c                USBD_LL_CloseEP
 .text.USBD_LL_StallEP
                0x080064d8       0x6c Src\usbd_conf.o
                0x080064d8                USBD_LL_StallEP
 .text.USBD_LL_ClearStallEP
                0x08006544       0x6c Src\usbd_conf.o
                0x08006544                USBD_LL_ClearStallEP
 .text.USBD_LL_IsStallEP
                0x080065b0       0x58 Src\usbd_conf.o
                0x080065b0                USBD_LL_IsStallEP
 .text.USBD_LL_SetUSBAddress
                0x08006608       0x6c Src\usbd_conf.o
                0x08006608                USBD_LL_SetUSBAddress
 .text.USBD_LL_Transmit
                0x08006674       0x74 Src\usbd_conf.o
                0x08006674                USBD_LL_Transmit
 .text.USBD_LL_PrepareReceive
                0x080066e8       0x74 Src\usbd_conf.o
                0x080066e8                USBD_LL_PrepareReceive
 .text.USBD_LL_GetRxDataSize
                0x0800675c       0x26 Src\usbd_conf.o
                0x0800675c                USBD_LL_GetRxDataSize
 *fill*         0x08006782        0x2 
 .text.USBD_static_malloc
                0x08006784       0x1c Src\usbd_conf.o
                0x08006784                USBD_static_malloc
 .text.USBD_static_free
                0x080067a0       0x14 Src\usbd_conf.o
                0x080067a0                USBD_static_free
 .text.HAL_PCDEx_SetConnectionState
                0x080067b4       0x18 Src\usbd_conf.o
                0x080067b4                HAL_PCDEx_SetConnectionState
 .text.USBD_FS_DeviceDescriptor
                0x080067cc       0x24 Src\usbd_desc.o
                0x080067cc                USBD_FS_DeviceDescriptor
 .text.USBD_FS_LangIDStrDescriptor
                0x080067f0       0x24 Src\usbd_desc.o
                0x080067f0                USBD_FS_LangIDStrDescriptor
 .text.USBD_FS_ProductStrDescriptor
                0x08006814       0x3c Src\usbd_desc.o
                0x08006814                USBD_FS_ProductStrDescriptor
 .text.USBD_FS_ManufacturerStrDescriptor
                0x08006850       0x28 Src\usbd_desc.o
                0x08006850                USBD_FS_ManufacturerStrDescriptor
 .text.USBD_FS_SerialStrDescriptor
                0x08006878       0x3c Src\usbd_desc.o
                0x08006878                USBD_FS_SerialStrDescriptor
 .text.USBD_FS_ConfigStrDescriptor
                0x080068b4       0x3c Src\usbd_desc.o
                0x080068b4                USBD_FS_ConfigStrDescriptor
 .text.USBD_FS_InterfaceStrDescriptor
                0x080068f0       0x3c Src\usbd_desc.o
                0x080068f0                USBD_FS_InterfaceStrDescriptor
 .text.Reset_Handler
                0x0800692c       0x50 startup\startup_stm32f302x8.o
                0x0800692c                Reset_Handler
 .text.Default_Handler
                0x0800697c        0x2 startup\startup_stm32f302x8.o
                0x0800697c                RTC_Alarm_IRQHandler
                0x0800697c                DebugMon_Handler
                0x0800697c                TIM1_CC_IRQHandler
                0x0800697c                HardFault_Handler
                0x0800697c                USB_HP_IRQHandler
                0x0800697c                PVD_IRQHandler
                0x0800697c                TAMP_STAMP_IRQHandler
                0x0800697c                PendSV_Handler
                0x0800697c                NMI_Handler
                0x0800697c                EXTI3_IRQHandler
                0x0800697c                I2C3_ER_IRQHandler
                0x0800697c                USB_HP_CAN_TX_IRQHandler
                0x0800697c                EXTI0_IRQHandler
                0x0800697c                I2C2_EV_IRQHandler
                0x0800697c                FPU_IRQHandler
                0x0800697c                TIM1_UP_TIM16_IRQHandler
                0x0800697c                UsageFault_Handler
                0x0800697c                CAN_SCE_IRQHandler
                0x0800697c                TIM6_DAC_IRQHandler
                0x0800697c                DMA1_Channel4_IRQHandler
                0x0800697c                ADC1_IRQHandler
                0x0800697c                USART3_IRQHandler
                0x0800697c                DMA1_Channel7_IRQHandler
                0x0800697c                CAN_RX1_IRQHandler
                0x0800697c                I2C1_EV_IRQHandler
                0x0800697c                DMA1_Channel6_IRQHandler
                0x0800697c                RCC_IRQHandler
                0x0800697c                DMA1_Channel1_IRQHandler
                0x0800697c                Default_Handler
                0x0800697c                USBWakeUp_RMP_IRQHandler
                0x0800697c                EXTI15_10_IRQHandler
                0x0800697c                COMP2_IRQHandler
                0x0800697c                I2C3_EV_IRQHandler
                0x0800697c                EXTI9_5_IRQHandler
                0x0800697c                RTC_WKUP_IRQHandler
                0x0800697c                SPI2_IRQHandler
                0x0800697c                MemManage_Handler
                0x0800697c                SVC_Handler
                0x0800697c                DMA1_Channel5_IRQHandler
                0x0800697c                USB_LP_IRQHandler
                0x0800697c                EXTI4_IRQHandler
                0x0800697c                TIM1_TRG_COM_TIM17_IRQHandler
                0x0800697c                DMA1_Channel3_IRQHandler
                0x0800697c                WWDG_IRQHandler
                0x0800697c                TIM2_IRQHandler
                0x0800697c                EXTI1_IRQHandler
                0x0800697c                COMP4_6_IRQHandler
                0x0800697c                USART2_IRQHandler
                0x0800697c                I2C2_ER_IRQHandler
                0x0800697c                DMA1_Channel2_IRQHandler
                0x0800697c                FLASH_IRQHandler
                0x0800697c                BusFault_Handler
                0x0800697c                USART1_IRQHandler
                0x0800697c                SPI3_IRQHandler
                0x0800697c                I2C1_ER_IRQHandler
                0x0800697c                USBWakeUp_IRQHandler
                0x0800697c                EXTI2_TSC_IRQHandler
                0x0800697c                TIM1_BRK_TIM15_IRQHandler
 *fill*         0x0800697e        0x2 
 .text.__libc_init_array
                0x08006980       0x48 c:/program files (x86)/atollic/truestudio for stm32 9.0.1/armtools/bin/../lib/gcc/arm-atollic-eabi/6.3.1/../../../../arm-atollic-eabi/lib/armv7e-m/fpu\libc_nano.a(lib_a-init.o)
                0x08006980                __libc_init_array
 *(.glue_7)
 .glue_7        0x080069c8        0x0 linker stubs
 *(.glue_7t)
 .glue_7t       0x080069c8        0x0 linker stubs
 *(.eh_frame)
 .eh_frame      0x080069c8        0x0 c:/program files (x86)/atollic/truestudio for stm32 9.0.1/armtools/bin/../lib/gcc/arm-atollic-eabi/6.3.1/armv7e-m/fpu/crtbegin.o
 *(.init)
 .init          0x080069c8        0x4 c:/program files (x86)/atollic/truestudio for stm32 9.0.1/armtools/bin/../lib/gcc/arm-atollic-eabi/6.3.1/armv7e-m/fpu/crti.o
                0x080069c8                _init
 .init          0x080069cc        0x8 c:/program files (x86)/atollic/truestudio for stm32 9.0.1/armtools/bin/../lib/gcc/arm-atollic-eabi/6.3.1/armv7e-m/fpu/crtn.o
 *(.fini)
 .fini          0x080069d4        0x4 c:/program files (x86)/atollic/truestudio for stm32 9.0.1/armtools/bin/../lib/gcc/arm-atollic-eabi/6.3.1/armv7e-m/fpu/crti.o
                0x080069d4                _fini
 .fini          0x080069d8        0x8 c:/program files (x86)/atollic/truestudio for stm32 9.0.1/armtools/bin/../lib/gcc/arm-atollic-eabi/6.3.1/armv7e-m/fpu/crtn.o
                0x080069e0                . = ALIGN (0x4)
                0x080069e0                _etext = .

.vfp11_veneer   0x080069e0        0x0
 .vfp11_veneer  0x080069e0        0x0 linker stubs

.v4_bx          0x080069e0        0x0
 .v4_bx         0x080069e0        0x0 linker stubs

.iplt           0x080069e0        0x0
 .iplt          0x080069e0        0x0 c:/program files (x86)/atollic/truestudio for stm32 9.0.1/armtools/bin/../lib/gcc/arm-atollic-eabi/6.3.1/armv7e-m/fpu/crtbegin.o

.rodata         0x080069e0       0xac
                0x080069e0                . = ALIGN (0x4)
 *(.rodata)
 .rodata        0x080069e0        0xe Src\main.o
 *fill*         0x080069ee        0x2 
 .rodata        0x080069f0       0x13 Src\usbd_conf.o
 *fill*         0x08006a03        0x1 
 .rodata        0x08006a04       0x56 Src\usbd_desc.o
 *(.rodata*)
 *fill*         0x08006a5a        0x2 
 .rodata.aPLLMULFactorTable
                0x08006a5c       0x10 Drivers\STM32F3xx_HAL_Driver\Src\stm32f3xx_hal_rcc.o
                0x08006a5c                aPLLMULFactorTable
 .rodata.aPredivFactorTable
                0x08006a6c       0x10 Drivers\STM32F3xx_HAL_Driver\Src\stm32f3xx_hal_rcc.o
                0x08006a6c                aPredivFactorTable
 .rodata.AHBPrescTable
                0x08006a7c       0x10 Src\system_stm32f3xx.o
                0x08006a7c                AHBPrescTable
                0x08006a8c                . = ALIGN (0x4)

.rel.dyn        0x08006a8c        0x0
 .rel.iplt      0x08006a8c        0x0 c:/program files (x86)/atollic/truestudio for stm32 9.0.1/armtools/bin/../lib/gcc/arm-atollic-eabi/6.3.1/armv7e-m/fpu/crtbegin.o

.ARM.extab
 *(.ARM.extab* .gnu.linkonce.armextab.*)

.ARM            0x08006a8c        0x0
                0x08006a8c                __exidx_start = .
 *(.ARM.exidx*)
                0x08006a8c                __exidx_end = .

.preinit_array  0x08006a8c        0x0
                0x08006a8c                PROVIDE (__preinit_array_start, .)
 *(.preinit_array*)
                0x08006a8c                PROVIDE (__preinit_array_end, .)

.init_array     0x08006a8c        0x4
                0x08006a8c                PROVIDE (__init_array_start, .)
 *(SORT(.init_array.*))
 *(.init_array*)
 .init_array    0x08006a8c        0x4 c:/program files (x86)/atollic/truestudio for stm32 9.0.1/armtools/bin/../lib/gcc/arm-atollic-eabi/6.3.1/armv7e-m/fpu/crtbegin.o
                0x08006a90                PROVIDE (__init_array_end, .)

.fini_array     0x08006a90        0x4
                [!provide]                PROVIDE (__fini_array_start, .)
 *(SORT(.fini_array.*))
 *(.fini_array*)
 .fini_array    0x08006a90        0x4 c:/program files (x86)/atollic/truestudio for stm32 9.0.1/armtools/bin/../lib/gcc/arm-atollic-eabi/6.3.1/armv7e-m/fpu/crtbegin.o
                [!provide]                PROVIDE (__fini_array_end, .)
                0x08006a94                _sidata = LOADADDR (.data)

.data           0x20000000      0x160 load address 0x08006a94
                0x20000000                . = ALIGN (0x4)
                0x20000000                _sdata = .
 *(.data)
 *(.data*)
 .data.uwTickPrio
                0x20000000        0x4 Drivers\STM32F3xx_HAL_Driver\Src\stm32f3xx_hal.o
                0x20000000                uwTickPrio
 .data.uwTickFreq
                0x20000004        0x1 Drivers\STM32F3xx_HAL_Driver\Src\stm32f3xx_hal.o
                0x20000004                uwTickFreq
 *fill*         0x20000005        0x3 
 .data.USBD_CDC_DeviceQualifierDesc
                0x20000008        0xa Middlewares\ST\STM32_USB_Device_Library\Class\CDC\Src\usbd_cdc.o
 *fill*         0x20000012        0x2 
 .data.USBD_CDC
                0x20000014       0x38 Middlewares\ST\STM32_USB_Device_Library\Class\CDC\Src\usbd_cdc.o
                0x20000014                USBD_CDC
 .data.USBD_CDC_CfgHSDesc
                0x2000004c       0x43 Middlewares\ST\STM32_USB_Device_Library\Class\CDC\Src\usbd_cdc.o
                0x2000004c                USBD_CDC_CfgHSDesc
 *fill*         0x2000008f        0x1 
 .data.USBD_CDC_CfgFSDesc
                0x20000090       0x43 Middlewares\ST\STM32_USB_Device_Library\Class\CDC\Src\usbd_cdc.o
                0x20000090                USBD_CDC_CfgFSDesc
 *fill*         0x200000d3        0x1 
 .data.USBD_CDC_OtherSpeedCfgDesc
                0x200000d4       0x43 Middlewares\ST\STM32_USB_Device_Library\Class\CDC\Src\usbd_cdc.o
                0x200000d4                USBD_CDC_OtherSpeedCfgDesc
 *fill*         0x20000117        0x1 
 .data.SystemCoreClock
                0x20000118        0x4 Src\system_stm32f3xx.o
                0x20000118                SystemCoreClock
 .data.USBD_Interface_fops_FS
                0x2000011c       0x10 Src\usbd_cdc_if.o
                0x2000011c                USBD_Interface_fops_FS
 .data.FS_Desc  0x2000012c       0x1c Src\usbd_desc.o
                0x2000012c                FS_Desc
 .data.USBD_FS_DeviceDesc
                0x20000148       0x12 Src\usbd_desc.o
                0x20000148                USBD_FS_DeviceDesc
 *fill*         0x2000015a        0x2 
 .data.USBD_LangIDDesc
                0x2000015c        0x4 Src\usbd_desc.o
                0x2000015c                USBD_LangIDDesc
                0x20000160                . = ALIGN (0x4)
                0x20000160                _edata = .

.igot.plt       0x20000160        0x0 load address 0x08006bf4
 .igot.plt      0x20000160        0x0 c:/program files (x86)/atollic/truestudio for stm32 9.0.1/armtools/bin/../lib/gcc/arm-atollic-eabi/6.3.1/armv7e-m/fpu/crtbegin.o
                0x20000160                . = ALIGN (0x4)

.bss            0x20000160     0x1234 load address 0x08006bf4
                0x20000160                _sbss = .
                0x20000160                __bss_start__ = _sbss
 *(.bss)
 .bss           0x20000160       0x1c c:/program files (x86)/atollic/truestudio for stm32 9.0.1/armtools/bin/../lib/gcc/arm-atollic-eabi/6.3.1/armv7e-m/fpu/crtbegin.o
 *(.bss*)
 .bss.ifalt.9405
                0x2000017c        0x1 Middlewares\ST\STM32_USB_Device_Library\Class\CDC\Src\usbd_cdc.o
 .bss.cfgidx.9410
                0x2000017d        0x1 Middlewares\ST\STM32_USB_Device_Library\Core\Src\usbd_ctlreq.o
 .bss.adcValue  0x2000017e        0x2 Src\main.o
                0x2000017e                adcValue
 .bss.mem.9564  0x20000180      0x220 Src\usbd_conf.o
 *(COMMON)
 COMMON         0x200003a0        0x4 Drivers\STM32F3xx_HAL_Driver\Src\stm32f3xx_hal.o
                0x200003a0                uwTick
 COMMON         0x200003a4       0x54 Src\main.o
                0x200003a4                hadc1
 COMMON         0x200003f8      0x224 Src\usb_device.o
                0x200003f8                hUsbDeviceFS
 COMMON         0x2000061c      0x7d0 Src\usbd_cdc_if.o
                0x2000061c                UserRxBufferFS
                0x20000a04                UserTxBufferFS
 COMMON         0x20000dec      0x3a8 Src\usbd_conf.o
                0x20000dec                hpcd_USB_FS
 COMMON         0x20001194      0x200 Src\usbd_desc.o
                0x20001194                USBD_StrDesc
                0x20001394                . = ALIGN (0x4)
                0x20001394                _ebss = .
                0x20001394                __bss_end__ = _ebss

._user_heap_stack
                0x20001394      0x600 load address 0x08006bf4
                0x20001394                . = ALIGN (0x4)
                [!provide]                PROVIDE (end, .)
                [!provide]                PROVIDE (_end, .)
                0x20001594                . = (. + _Min_Heap_Size)
 *fill*         0x20001394      0x200 
                0x20001994                . = (. + _Min_Stack_Size)
 *fill*         0x20001594      0x400 
                0x20001994                . = ALIGN (0x4)

/DISCARD/
 libc.a(*)
 libm.a(*)
 libgcc.a(*)

.ARM.attributes
                0x00000000       0x30
 *(.ARM.attributes)
 .ARM.attributes
                0x00000000       0x22 c:/program files (x86)/atollic/truestudio for stm32 9.0.1/armtools/bin/../lib/gcc/arm-atollic-eabi/6.3.1/armv7e-m/fpu/crti.o
 .ARM.attributes
                0x00000022       0x34 c:/program files (x86)/atollic/truestudio for stm32 9.0.1/armtools/bin/../lib/gcc/arm-atollic-eabi/6.3.1/armv7e-m/fpu/crtbegin.o
 .ARM.attributes
                0x00000056       0x39 Drivers\STM32F3xx_HAL_Driver\Src\stm32f3xx_hal.o
 .ARM.attributes
                0x0000008f       0x39 Drivers\STM32F3xx_HAL_Driver\Src\stm32f3xx_hal_adc_ex.o
 .ARM.attributes
                0x000000c8       0x39 Drivers\STM32F3xx_HAL_Driver\Src\stm32f3xx_hal_cortex.o
 .ARM.attributes
                0x00000101       0x39 Drivers\STM32F3xx_HAL_Driver\Src\stm32f3xx_hal_gpio.o
 .ARM.attributes
                0x0000013a       0x39 Drivers\STM32F3xx_HAL_Driver\Src\stm32f3xx_hal_pcd.o
 .ARM.attributes
                0x00000173       0x39 Drivers\STM32F3xx_HAL_Driver\Src\stm32f3xx_hal_pcd_ex.o
 .ARM.attributes
                0x000001ac       0x39 Drivers\STM32F3xx_HAL_Driver\Src\stm32f3xx_hal_rcc.o
 .ARM.attributes
                0x000001e5       0x39 Drivers\STM32F3xx_HAL_Driver\Src\stm32f3xx_hal_rcc_ex.o
 .ARM.attributes
                0x0000021e       0x39 Middlewares\ST\STM32_USB_Device_Library\Class\CDC\Src\usbd_cdc.o
 .ARM.attributes
                0x00000257       0x39 Middlewares\ST\STM32_USB_Device_Library\Core\Src\usbd_core.o
 .ARM.attributes
                0x00000290       0x39 Middlewares\ST\STM32_USB_Device_Library\Core\Src\usbd_ctlreq.o
 .ARM.attributes
                0x000002c9       0x39 Middlewares\ST\STM32_USB_Device_Library\Core\Src\usbd_ioreq.o
 .ARM.attributes
                0x00000302       0x39 Src\main.o
 .ARM.attributes
                0x0000033b       0x39 Src\stm32f3xx_hal_msp.o
 .ARM.attributes
                0x00000374       0x39 Src\stm32f3xx_it.o
 .ARM.attributes
                0x000003ad       0x39 Src\system_stm32f3xx.o
 .ARM.attributes
                0x000003e6       0x39 Src\usb_device.o
 .ARM.attributes
                0x0000041f       0x39 Src\usbd_cdc_if.o
 .ARM.attributes
                0x00000458       0x39 Src\usbd_conf.o
 .ARM.attributes
                0x00000491       0x39 Src\usbd_desc.o
 .ARM.attributes
                0x000004ca       0x21 startup\startup_stm32f302x8.o
 .ARM.attributes
                0x000004eb       0x34 c:/program files (x86)/atollic/truestudio for stm32 9.0.1/armtools/bin/../lib/gcc/arm-atollic-eabi/6.3.1/../../../../arm-atollic-eabi/lib/armv7e-m/fpu\libc_nano.a(lib_a-init.o)
 .ARM.attributes
                0x0000051f       0x22 c:/program files (x86)/atollic/truestudio for stm32 9.0.1/armtools/bin/../lib/gcc/arm-atollic-eabi/6.3.1/armv7e-m/fpu/crtn.o
OUTPUT(USB-ADC.elf elf32-littlearm)

.debug_info     0x00000000    0x172ed
 .debug_info    0x00000000      0xf6d Drivers\STM32F3xx_HAL_Driver\Src\stm32f3xx_hal.o
 .debug_info    0x00000f6d     0x1b12 Drivers\STM32F3xx_HAL_Driver\Src\stm32f3xx_hal_adc_ex.o
 .debug_info    0x00002a7f     0x1330 Drivers\STM32F3xx_HAL_Driver\Src\stm32f3xx_hal_cortex.o
 .debug_info    0x00003daf      0xed4 Drivers\STM32F3xx_HAL_Driver\Src\stm32f3xx_hal_gpio.o
 .debug_info    0x00004c83     0x1782 Drivers\STM32F3xx_HAL_Driver\Src\stm32f3xx_hal_pcd.o
 .debug_info    0x00006405      0xf0a Drivers\STM32F3xx_HAL_Driver\Src\stm32f3xx_hal_pcd_ex.o
 .debug_info    0x0000730f     0x1f66 Drivers\STM32F3xx_HAL_Driver\Src\stm32f3xx_hal_rcc.o
 .debug_info    0x00009275      0xe2a Drivers\STM32F3xx_HAL_Driver\Src\stm32f3xx_hal_rcc_ex.o
 .debug_info    0x0000a09f     0x12c8 Middlewares\ST\STM32_USB_Device_Library\Class\CDC\Src\usbd_cdc.o
 .debug_info    0x0000b367     0x116a Middlewares\ST\STM32_USB_Device_Library\Core\Src\usbd_core.o
 .debug_info    0x0000c4d1     0x10cb Middlewares\ST\STM32_USB_Device_Library\Core\Src\usbd_ctlreq.o
 .debug_info    0x0000d59c      0xecb Middlewares\ST\STM32_USB_Device_Library\Core\Src\usbd_ioreq.o
 .debug_info    0x0000e467     0x1b98 Src\main.o
 .debug_info    0x0000ffff     0x1271 Src\stm32f3xx_hal_msp.o
 .debug_info    0x00011270      0xd47 Src\stm32f3xx_it.o
 .debug_info    0x00011fb7      0xc1c Src\system_stm32f3xx.o
 .debug_info    0x00012bd3      0xdfb Src\usb_device.o
 .debug_info    0x000139ce      0xfd3 Src\usbd_cdc_if.o
 .debug_info    0x000149a1     0x1cd6 Src\usbd_conf.o
 .debug_info    0x00016677      0xc09 Src\usbd_desc.o
 .debug_info    0x00017280       0x6d startup\startup_stm32f302x8.o

.debug_abbrev   0x00000000     0x2f92
 .debug_abbrev  0x00000000      0x282 Drivers\STM32F3xx_HAL_Driver\Src\stm32f3xx_hal.o
 .debug_abbrev  0x00000282      0x282 Drivers\STM32F3xx_HAL_Driver\Src\stm32f3xx_hal_adc_ex.o
 .debug_abbrev  0x00000504      0x334 Drivers\STM32F3xx_HAL_Driver\Src\stm32f3xx_hal_cortex.o
 .debug_abbrev  0x00000838      0x24c Drivers\STM32F3xx_HAL_Driver\Src\stm32f3xx_hal_gpio.o
 .debug_abbrev  0x00000a84      0x2e5 Drivers\STM32F3xx_HAL_Driver\Src\stm32f3xx_hal_pcd.o
 .debug_abbrev  0x00000d69      0x22d Drivers\STM32F3xx_HAL_Driver\Src\stm32f3xx_hal_pcd_ex.o
 .debug_abbrev  0x00000f96      0x2fc Drivers\STM32F3xx_HAL_Driver\Src\stm32f3xx_hal_rcc.o
 .debug_abbrev  0x00001292      0x2b6 Drivers\STM32F3xx_HAL_Driver\Src\stm32f3xx_hal_rcc_ex.o
 .debug_abbrev  0x00001548      0x28c Middlewares\ST\STM32_USB_Device_Library\Class\CDC\Src\usbd_cdc.o
 .debug_abbrev  0x000017d4      0x25c Middlewares\ST\STM32_USB_Device_Library\Core\Src\usbd_core.o
 .debug_abbrev  0x00001a30      0x28c Middlewares\ST\STM32_USB_Device_Library\Core\Src\usbd_ctlreq.o
 .debug_abbrev  0x00001cbc      0x1cc Middlewares\ST\STM32_USB_Device_Library\Core\Src\usbd_ioreq.o
 .debug_abbrev  0x00001e88      0x2bf Src\main.o
 .debug_abbrev  0x00002147      0x1f2 Src\stm32f3xx_hal_msp.o
 .debug_abbrev  0x00002339      0x1aa Src\stm32f3xx_it.o
 .debug_abbrev  0x000024e3      0x1ca Src\system_stm32f3xx.o
 .debug_abbrev  0x000026ad      0x1a6 Src\usb_device.o
 .debug_abbrev  0x00002853      0x271 Src\usbd_cdc_if.o
 .debug_abbrev  0x00002ac4      0x2ad Src\usbd_conf.o
 .debug_abbrev  0x00002d71      0x20f Src\usbd_desc.o
 .debug_abbrev  0x00002f80       0x12 startup\startup_stm32f302x8.o

.debug_aranges  0x00000000      0xa70
 .debug_aranges
                0x00000000       0xe0 Drivers\STM32F3xx_HAL_Driver\Src\stm32f3xx_hal.o
 .debug_aranges
                0x000000e0      0x140 Drivers\STM32F3xx_HAL_Driver\Src\stm32f3xx_hal_adc_ex.o
 .debug_aranges
                0x00000220      0x100 Drivers\STM32F3xx_HAL_Driver\Src\stm32f3xx_hal_cortex.o
 .debug_aranges
                0x00000320       0x58 Drivers\STM32F3xx_HAL_Driver\Src\stm32f3xx_hal_gpio.o
 .debug_aranges
                0x00000378      0x120 Drivers\STM32F3xx_HAL_Driver\Src\stm32f3xx_hal_pcd.o
 .debug_aranges
                0x00000498       0x38 Drivers\STM32F3xx_HAL_Driver\Src\stm32f3xx_hal_pcd_ex.o
 .debug_aranges
                0x000004d0       0x88 Drivers\STM32F3xx_HAL_Driver\Src\stm32f3xx_hal_rcc.o
 .debug_aranges
                0x00000558       0x38 Drivers\STM32F3xx_HAL_Driver\Src\stm32f3xx_hal_rcc_ex.o
 .debug_aranges
                0x00000590       0x90 Middlewares\ST\STM32_USB_Device_Library\Class\CDC\Src\usbd_cdc.o
 .debug_aranges
                0x00000620       0xb8 Middlewares\ST\STM32_USB_Device_Library\Core\Src\usbd_core.o
 .debug_aranges
                0x000006d8       0x88 Middlewares\ST\STM32_USB_Device_Library\Core\Src\usbd_ctlreq.o
 .debug_aranges
                0x00000760       0x50 Middlewares\ST\STM32_USB_Device_Library\Core\Src\usbd_ioreq.o
 .debug_aranges
                0x000007b0       0x58 Src\main.o
 .debug_aranges
                0x00000808       0x30 Src\stm32f3xx_hal_msp.o
 .debug_aranges
                0x00000838       0x28 Src\stm32f3xx_it.o
 .debug_aranges
                0x00000860       0x28 Src\system_stm32f3xx.o
 .debug_aranges
                0x00000888       0x20 Src\usb_device.o
 .debug_aranges
                0x000008a8       0x40 Src\usbd_cdc_if.o
 .debug_aranges
                0x000008e8      0x110 Src\usbd_conf.o
 .debug_aranges
                0x000009f8       0x50 Src\usbd_desc.o
 .debug_aranges
                0x00000a48       0x28 startup\startup_stm32f302x8.o

.debug_ranges   0x00000000      0x928
 .debug_ranges  0x00000000       0xd0 Drivers\STM32F3xx_HAL_Driver\Src\stm32f3xx_hal.o
 .debug_ranges  0x000000d0      0x130 Drivers\STM32F3xx_HAL_Driver\Src\stm32f3xx_hal_adc_ex.o
 .debug_ranges  0x00000200       0xf0 Drivers\STM32F3xx_HAL_Driver\Src\stm32f3xx_hal_cortex.o
 .debug_ranges  0x000002f0       0x48 Drivers\STM32F3xx_HAL_Driver\Src\stm32f3xx_hal_gpio.o
 .debug_ranges  0x00000338      0x110 Drivers\STM32F3xx_HAL_Driver\Src\stm32f3xx_hal_pcd.o
 .debug_ranges  0x00000448       0x28 Drivers\STM32F3xx_HAL_Driver\Src\stm32f3xx_hal_pcd_ex.o
 .debug_ranges  0x00000470       0x78 Drivers\STM32F3xx_HAL_Driver\Src\stm32f3xx_hal_rcc.o
 .debug_ranges  0x000004e8       0x28 Drivers\STM32F3xx_HAL_Driver\Src\stm32f3xx_hal_rcc_ex.o
 .debug_ranges  0x00000510       0x80 Middlewares\ST\STM32_USB_Device_Library\Class\CDC\Src\usbd_cdc.o
 .debug_ranges  0x00000590       0xa8 Middlewares\ST\STM32_USB_Device_Library\Core\Src\usbd_core.o
 .debug_ranges  0x00000638       0x78 Middlewares\ST\STM32_USB_Device_Library\Core\Src\usbd_ctlreq.o
 .debug_ranges  0x000006b0       0x40 Middlewares\ST\STM32_USB_Device_Library\Core\Src\usbd_ioreq.o
 .debug_ranges  0x000006f0       0x48 Src\main.o
 .debug_ranges  0x00000738       0x20 Src\stm32f3xx_hal_msp.o
 .debug_ranges  0x00000758       0x18 Src\stm32f3xx_it.o
 .debug_ranges  0x00000770       0x18 Src\system_stm32f3xx.o
 .debug_ranges  0x00000788       0x10 Src\usb_device.o
 .debug_ranges  0x00000798       0x30 Src\usbd_cdc_if.o
 .debug_ranges  0x000007c8      0x100 Src\usbd_conf.o
 .debug_ranges  0x000008c8       0x40 Src\usbd_desc.o
 .debug_ranges  0x00000908       0x20 startup\startup_stm32f302x8.o

.debug_line     0x00000000     0x66b9
 .debug_line    0x00000000      0x47a Drivers\STM32F3xx_HAL_Driver\Src\stm32f3xx_hal.o
 .debug_line    0x0000047a      0xd98 Drivers\STM32F3xx_HAL_Driver\Src\stm32f3xx_hal_adc_ex.o
 .debug_line    0x00001212      0x508 Drivers\STM32F3xx_HAL_Driver\Src\stm32f3xx_hal_cortex.o
 .debug_line    0x0000171a      0x431 Drivers\STM32F3xx_HAL_Driver\Src\stm32f3xx_hal_gpio.o
 .debug_line    0x00001b4b      0x859 Drivers\STM32F3xx_HAL_Driver\Src\stm32f3xx_hal_pcd.o
 .debug_line    0x000023a4      0x33d Drivers\STM32F3xx_HAL_Driver\Src\stm32f3xx_hal_pcd_ex.o
 .debug_line    0x000026e1      0x9e1 Drivers\STM32F3xx_HAL_Driver\Src\stm32f3xx_hal_rcc.o
 .debug_line    0x000030c2      0x50c Drivers\STM32F3xx_HAL_Driver\Src\stm32f3xx_hal_rcc_ex.o
 .debug_line    0x000035ce      0x4d2 Middlewares\ST\STM32_USB_Device_Library\Class\CDC\Src\usbd_cdc.o
 .debug_line    0x00003aa0      0x4e2 Middlewares\ST\STM32_USB_Device_Library\Core\Src\usbd_core.o
 .debug_line    0x00003f82      0x53c Middlewares\ST\STM32_USB_Device_Library\Core\Src\usbd_ctlreq.o
 .debug_line    0x000044be      0x37d Middlewares\ST\STM32_USB_Device_Library\Core\Src\usbd_ioreq.o
 .debug_line    0x0000483b      0x524 Src\main.o
 .debug_line    0x00004d5f      0x312 Src\stm32f3xx_hal_msp.o
 .debug_line    0x00005071      0x2a3 Src\stm32f3xx_it.o
 .debug_line    0x00005314      0x275 Src\system_stm32f3xx.o
 .debug_line    0x00005589      0x357 Src\usb_device.o
 .debug_line    0x000058e0      0x38e Src\usbd_cdc_if.o
 .debug_line    0x00005c6e      0x666 Src\usbd_conf.o
 .debug_line    0x000062d4      0x366 Src\usbd_desc.o
 .debug_line    0x0000663a       0x7f startup\startup_stm32f302x8.o

.debug_str      0x00000000     0x3522
 .debug_str     0x00000000      0xc4e Drivers\STM32F3xx_HAL_Driver\Src\stm32f3xx_hal.o
                                0xcf4 (size before relaxing)
 .debug_str     0x00000c4e      0xa88 Drivers\STM32F3xx_HAL_Driver\Src\stm32f3xx_hal_adc_ex.o
                               0x11af (size before relaxing)
 .debug_str     0x000016d6      0x2f4 Drivers\STM32F3xx_HAL_Driver\Src\stm32f3xx_hal_cortex.o
                                0xda9 (size before relaxing)
 .debug_str     0x000019ca      0x1e3 Drivers\STM32F3xx_HAL_Driver\Src\stm32f3xx_hal_gpio.o
                                0x8ce (size before relaxing)
 .debug_str     0x00001bad      0x59b Drivers\STM32F3xx_HAL_Driver\Src\stm32f3xx_hal_pcd.o
                                0xcc7 (size before relaxing)
 .debug_str     0x00002148       0xc2 Drivers\STM32F3xx_HAL_Driver\Src\stm32f3xx_hal_pcd_ex.o
                                0x9fd (size before relaxing)
 .debug_str     0x0000220a      0x306 Drivers\STM32F3xx_HAL_Driver\Src\stm32f3xx_hal_rcc.o
                                0xa7d (size before relaxing)
 .debug_str     0x00002510      0x204 Drivers\STM32F3xx_HAL_Driver\Src\stm32f3xx_hal_rcc_ex.o
                                0x92d (size before relaxing)
 .debug_str     0x00002714      0x5ab Middlewares\ST\STM32_USB_Device_Library\Class\CDC\Src\usbd_cdc.o
                                0xc9d (size before relaxing)
 .debug_str     0x00002cbf      0x1c8 Middlewares\ST\STM32_USB_Device_Library\Core\Src\usbd_core.o
                                0xbae (size before relaxing)
 .debug_str     0x00002e87      0x134 Middlewares\ST\STM32_USB_Device_Library\Core\Src\usbd_ctlreq.o
                                0xb34 (size before relaxing)
 .debug_str     0x00002fbb       0xc9 Middlewares\ST\STM32_USB_Device_Library\Core\Src\usbd_ioreq.o
                                0xabc (size before relaxing)
 .debug_str     0x00003084       0xca Src\main.o
                               0x15cc (size before relaxing)
 .debug_str     0x0000314e       0x3d Src\stm32f3xx_hal_msp.o
                                0xe9f (size before relaxing)
 .debug_str     0x0000318b       0x4c Src\stm32f3xx_it.o
                                0x937 (size before relaxing)
 .debug_str     0x000031d7       0x50 Src\system_stm32f3xx.o
                                0x721 (size before relaxing)
 .debug_str     0x00003227       0x27 Src\usb_device.o
                                0xa50 (size before relaxing)
 .debug_str     0x0000324e       0x7b Src\usbd_cdc_if.o
                                0xb34 (size before relaxing)
 .debug_str     0x000032c9      0x14b Src\usbd_conf.o
                               0x13db (size before relaxing)
 .debug_str     0x00003414      0x10e Src\usbd_desc.o
                                0x85f (size before relaxing)

.comment        0x00000000       0x7c
 .comment       0x00000000       0x7c Drivers\STM32F3xx_HAL_Driver\Src\stm32f3xx_hal.o
                                 0x7d (size before relaxing)
 .comment       0x0000007c       0x7d Drivers\STM32F3xx_HAL_Driver\Src\stm32f3xx_hal_adc_ex.o
 .comment       0x0000007c       0x7d Drivers\STM32F3xx_HAL_Driver\Src\stm32f3xx_hal_cortex.o
 .comment       0x0000007c       0x7d Drivers\STM32F3xx_HAL_Driver\Src\stm32f3xx_hal_gpio.o
 .comment       0x0000007c       0x7d Drivers\STM32F3xx_HAL_Driver\Src\stm32f3xx_hal_pcd.o
 .comment       0x0000007c       0x7d Drivers\STM32F3xx_HAL_Driver\Src\stm32f3xx_hal_pcd_ex.o
 .comment       0x0000007c       0x7d Drivers\STM32F3xx_HAL_Driver\Src\stm32f3xx_hal_rcc.o
 .comment       0x0000007c       0x7d Drivers\STM32F3xx_HAL_Driver\Src\stm32f3xx_hal_rcc_ex.o
 .comment       0x0000007c       0x7d Middlewares\ST\STM32_USB_Device_Library\Class\CDC\Src\usbd_cdc.o
 .comment       0x0000007c       0x7d Middlewares\ST\STM32_USB_Device_Library\Core\Src\usbd_core.o
 .comment       0x0000007c       0x7d Middlewares\ST\STM32_USB_Device_Library\Core\Src\usbd_ctlreq.o
 .comment       0x0000007c       0x7d Middlewares\ST\STM32_USB_Device_Library\Core\Src\usbd_ioreq.o
 .comment       0x0000007c       0x7d Src\main.o
 .comment       0x0000007c       0x7d Src\stm32f3xx_hal_msp.o
 .comment       0x0000007c       0x7d Src\stm32f3xx_it.o
 .comment       0x0000007c       0x7d Src\system_stm32f3xx.o
 .comment       0x0000007c       0x7d Src\usb_device.o
 .comment       0x0000007c       0x7d Src\usbd_cdc_if.o
 .comment       0x0000007c       0x7d Src\usbd_conf.o
 .comment       0x0000007c       0x7d Src\usbd_desc.o

.debug_frame    0x00000000     0x2828
 .debug_frame   0x00000000      0x334 Drivers\STM32F3xx_HAL_Driver\Src\stm32f3xx_hal.o
 .debug_frame   0x00000334      0x584 Drivers\STM32F3xx_HAL_Driver\Src\stm32f3xx_hal_adc_ex.o
 .debug_frame   0x000008b8      0x428 Drivers\STM32F3xx_HAL_Driver\Src\stm32f3xx_hal_cortex.o
 .debug_frame   0x00000ce0      0x14c Drivers\STM32F3xx_HAL_Driver\Src\stm32f3xx_hal_gpio.o
 .debug_frame   0x00000e2c      0x534 Drivers\STM32F3xx_HAL_Driver\Src\stm32f3xx_hal_pcd.o
 .debug_frame   0x00001360       0xb0 Drivers\STM32F3xx_HAL_Driver\Src\stm32f3xx_hal_pcd_ex.o
 .debug_frame   0x00001410      0x210 Drivers\STM32F3xx_HAL_Driver\Src\stm32f3xx_hal_rcc.o
 .debug_frame   0x00001620       0xb4 Drivers\STM32F3xx_HAL_Driver\Src\stm32f3xx_hal_rcc_ex.o
 .debug_frame   0x000016d4      0x24c Middlewares\ST\STM32_USB_Device_Library\Class\CDC\Src\usbd_cdc.o
 .debug_frame   0x00001920      0x300 Middlewares\ST\STM32_USB_Device_Library\Core\Src\usbd_core.o
 .debug_frame   0x00001c20      0x210 Middlewares\ST\STM32_USB_Device_Library\Core\Src\usbd_ctlreq.o
 .debug_frame   0x00001e30      0x10c Middlewares\ST\STM32_USB_Device_Library\Core\Src\usbd_ioreq.o
 .debug_frame   0x00001f3c      0x12c Src\main.o
 .debug_frame   0x00002068       0x7c Src\stm32f3xx_hal_msp.o
 .debug_frame   0x000020e4       0x48 Src\stm32f3xx_it.o
 .debug_frame   0x0000212c       0x58 Src\system_stm32f3xx.o
 .debug_frame   0x00002184       0x2c Src\usb_device.o
 .debug_frame   0x000021b0       0xbc Src\usbd_cdc_if.o
 .debug_frame   0x0000226c      0x47c Src\usbd_conf.o
 .debug_frame   0x000026e8      0x114 Src\usbd_desc.o
 .debug_frame   0x000027fc       0x2c c:/program files (x86)/atollic/truestudio for stm32 9.0.1/armtools/bin/../lib/gcc/arm-atollic-eabi/6.3.1/../../../../arm-atollic-eabi/lib/armv7e-m/fpu\libc_nano.a(lib_a-init.o)
